
> kakeibo_tool@0.1.0 build
> next build

 ⚠ Warning: Next.js inferred your workspace root, but it may not be correct.
 We detected multiple lockfiles and selected the directory of C:\Users\chann\package-lock.json as the root directory.
 To silence this warning, set `outputFileTracingRoot` in your Next.js config, or consider removing one of the lockfiles if it's not needed.
   See https://nextjs.org/docs/app/api-reference/config/next-config-js/output#caveats for more information.
 Detected additional lockfiles: 
   * C:\Users\chann\OneDrive\ドキュメント\antigravity\kakeibo_tool\package-lock.json

   ▲ Next.js 15.5.12
   - Environments: .env.local


> Build error occurred
[Error: EINVAL: invalid argument, readlink 'C:\Users\chann\OneDrive\ドキュメント\antigravity\kakeibo_tool\.next\server\chunks'] {
  errno: -4071,
  code: 'EINVAL',
  syscall: 'readlink',
  path: 'C:\\Users\\chann\\OneDrive\\ドキュメント\\antigravity\\kakeibo_tool\\.next\\server\\chunks'
}
