error TS2688: Cannot find type definition file for 'phoenix'.
  The file is in the program because:
    Entry point for implicit type library 'phoenix'
error TS2688: Cannot find type definition file for 'statuses'.
  The file is in the program because:
    Entry point for implicit type library 'statuses'
error TS2688: Cannot find type definition file for 'validate-npm-package-name'.
  The file is in the program because:
    Entry point for implicit type library 'validate-npm-package-name'
error TS2688: Cannot find type definition file for 'ws'.
  The file is in the program because:
    Entry point for implicit type library 'ws'
